$ cargo run --release --example basic
   Compiling esp-println v0.13.0 (https://github.com/esp-rs/esp-hal.git#fe530619)
   Compiling esp-backtrace v0.15.0 (https://github.com/esp-rs/esp-hal.git#fe530619)
   Compiling vl53l5 v0.1.0 (/home/ubuntu/vl53l5-c2rust.fork)
    Finished `release` profile [optimized + debuginfo] target(s) in 1.98s
     Running `espflash flash --monitor /home/ubuntu/target/riscv32imc-unknown-none-elf/release/examples/basic`
basic                                                                                                                                                       100% 4618KB   3.2MB/s   00:01    
[2025-02-04T11:46:02Z INFO ] Serial port: '/dev/ttyUSB0'
[2025-02-04T11:46:02Z INFO ] Connecting...
[2025-02-04T11:46:02Z INFO ] Using flash stub
Chip type:         esp32c3 (revision v0.4)
Crystal frequency: 40 MHz
Flash size:        4MB
Features:          WiFi, BLE
MAC address:       54:32:04:44:74:c0
App/part. size:    140,816/4,128,768 bytes, 3.41%
[2025-02-04T11:46:03Z INFO ] Segment at address '0x0' has not changed, skipping write
[2025-02-04T11:46:04Z INFO ] Segment at address '0x8000' has not changed, skipping write
[00:00:10] [========================================]      98/98      0x10000                                                                                                                 [2025-02-04T11:46:14Z INFO ] Flashing has completed!
Commands:
    CTRL+R    Reset chip
    CTRL+C    Exit

ESP-ROM:esp32c3-api1-20210207
Build:Feb  7 2021
rst:0x1 (POWERON),boot:0xd (SPI_FAST_FLASH_BOOT)
SPIWP:0xee
mode:DIO, clock div:2
load:0x3fcd5820,len:0x1714
load:0x403cc710,len:0x968
load:0x403ce710,len:0x2f9c
entry 0x403cc710
I (32) boot: ESP-IDF v5.1.2-342-gbcf1645e44 2nd stage bootloader
I (32) boot: compile time Dec 12 2023 10:50:58
I (32) boot: chip revision: v0.4
I (36) boot.esp32c3: SPI Speed      : 40MHz
I (41) boot.esp32c3: SPI Mode       : DIO
I (46) boot.esp32c3: SPI Flash Size : 4MB
I (50) boot: Enabling RNG early entropy source...
I (56) boot: Partition Table:
I (59) boot: ## Label            Usage          Type ST Offset   Length
I (67) boot:  0 nvs              WiFi data        01 02 00009000 00006000
I (74) boot:  1 phy_init         RF data          01 01 0000f000 00001000
I (81) boot:  2 factory          factory app      00 00 00010000 003f0000
I (89) boot: End of partition table
I (93) esp_image: segment 0: paddr=00010020 vaddr=3c020020 size=01b68h (  7016) map
I (103) esp_image: segment 1: paddr=00011b90 vaddr=3fc80b10 size=0e488h ( 58504) load
I (124) esp_image: segment 2: paddr=00020020 vaddr=42000020 size=0a398h ( 41880) map
I (134) esp_image: segment 3: paddr=0002a3c0 vaddr=3fc8ef98 size=07708h ( 30472) load
I (142) esp_image: segment 4: paddr=00031ad0 vaddr=40380000 size=00b10h (  2832) load
I (148) boot: Loaded app from partition at offset 0x10000
I (148) boot: Disabling RNG early entropy source...
alive = 0 1
init 0
init done
alive = 0 1
start ranging 0
Print data no : 0
Zone : 0, Status : 6, Distance : 1746 mm

Zone : 1, Status : 6, Distance : 1775 mm

Zone : 2, Status : 255, Distance : 0 mm

Zone : 3, Status : 255, Distance : 0 mm

Zone : 4, Status : 6, Distance : 1735 mm

Zone : 5, Status : 6, Distance : 1728 mm

Zone : 6, Status : 255, Distance : 0 mm

Zone : 7, Status : 255, Distance : 0 mm

Zone : 8, Status : 6, Distance : 1773 mm

Zone : 9, Status : 6, Distance : 1769 mm

Zone : 10, Status : 255, Distance : 0 mm

Zone : 11, Status : 255, Distance : 0 mm

Zone : 12, Status : 6, Distance : 1764 mm

Zone : 13, Status : 6, Distance : 1776 mm

Zone : 14, Status : 6, Distance : 1798 mm

Zone : 15, Status : 6, Distance : 1812 mm
